
Memory Configuration

Name             Origin             Length             Attributes
flash            0x08000000         0x00020000         xr
sram             0x20000000         0x00005000         xrw
*default*        0x00000000         0xffffffff

Linker script and memory map


.text           0x08000000      0x2dc
 *(.vectors*)
 .vectors       0x08000000       0x1c startup.o
                0x08000000                vectors
 *(.text*)
 .text          0x0800001c       0x1c AlarmActuatorDriver.o
                0x0800001c                startAlarm
                0x0800002a                stopAlarm
 .text          0x08000038       0x88 AlarmMonitor.o
                0x08000038                High_pressure_detect
                0x08000054                AlarmOff_state
                0x08000070                AlarmOn_state
 .text          0x080000c0       0xc4 driver.o
                0x080000c0                Delay
                0x080000e2                getPressureVal
                0x080000f8                Set_Alarm_actuator
                0x08000134                GPIO_INITIALIZATION
 .text          0x08000184       0x44 main.o
                0x08000184                main
 .text          0x080001c8       0x4c MainAlgorithm.o
                0x080001c8                set_pressureValue
                0x080001e4                High_pressure_state
 .text          0x08000214       0x38 Pressure_Sensor_Driver.o
                0x08000214                PS_init
                0x08000224                reading_state
 .text          0x0800024c       0x90 startup.o
                0x0800024c                Reset_Handler
                0x080002d0                MM_Fault_Handler
                0x080002d0                Bus_Fault
                0x080002d0                H_fault_Handler
                0x080002d0                Usage_Fault_Handler
                0x080002d0                Default_handler
                0x080002d0                NMI_Handler
 *(.rodata)
                0x080002dc                _E_text = .

.glue_7         0x080002dc        0x0
 .glue_7        0x080002dc        0x0 linker stubs

.glue_7t        0x080002dc        0x0
 .glue_7t       0x080002dc        0x0 linker stubs

.vfp11_veneer   0x080002dc        0x0
 .vfp11_veneer  0x080002dc        0x0 linker stubs

.v4_bx          0x080002dc        0x0
 .v4_bx         0x080002dc        0x0 linker stubs

.iplt           0x080002dc        0x0
 .iplt          0x080002dc        0x0 AlarmActuatorDriver.o

.rel.dyn        0x080002dc        0x0
 .rel.iplt      0x080002dc        0x0 AlarmActuatorDriver.o

.data           0x20000000        0x0 load address 0x080002dc
                0x20000000                _S_data = .
 *(.data)
 .data          0x20000000        0x0 AlarmActuatorDriver.o
 .data          0x20000000        0x0 AlarmMonitor.o
 .data          0x20000000        0x0 driver.o
 .data          0x20000000        0x0 main.o
 .data          0x20000000        0x0 MainAlgorithm.o
 .data          0x20000000        0x0 Pressure_Sensor_Driver.o
 .data          0x20000000        0x0 startup.o
                0x20000000                . = ALIGN (0x4)
                0x20000000                _E_data = .

.igot.plt       0x20000000        0x0 load address 0x080002dc
 .igot.plt      0x20000000        0x0 AlarmActuatorDriver.o

.bss            0x20000000     0x1014 load address 0x080002dc
                0x20000000                _S_bss = .
 *(.bss*)
 .bss           0x20000000        0x0 AlarmActuatorDriver.o
 .bss           0x20000000        0x8 AlarmMonitor.o
                0x20000000                x
                0x20000004                AM_ptr
 .bss           0x20000008        0x0 driver.o
 .bss           0x20000008        0x4 main.o
                0x20000008                Pval
 .bss           0x2000000c        0x4 MainAlgorithm.o
                0x2000000c                MA_ptr
 .bss           0x20000010        0x4 Pressure_Sensor_Driver.o
                0x20000010                PS_ptr
 .bss           0x20000014        0x0 startup.o
                0x20000014                . = ALIGN (0x4)
                0x20000014                _E_bss = .
                0x20001014                . = (. + 0x1000)
 *fill*         0x20000014     0x1000 
                0x20001014                _stack_top = .
LOAD AlarmActuatorDriver.o
LOAD AlarmMonitor.o
LOAD driver.o
LOAD main.o
LOAD MainAlgorithm.o
LOAD Pressure_Sensor_Driver.o
LOAD startup.o
OUTPUT(First_term_project1_Pressure_Detector.elf elf32-littlearm)
LOAD linker stubs

.debug_info     0x00000000      0x677
 .debug_info    0x00000000       0xa6 AlarmActuatorDriver.o
 .debug_info    0x000000a6       0xf6 AlarmMonitor.o
 .debug_info    0x0000019c      0x112 driver.o
 .debug_info    0x000002ae       0xdf main.o
 .debug_info    0x0000038d       0x92 MainAlgorithm.o
 .debug_info    0x0000041f       0xdd Pressure_Sensor_Driver.o
 .debug_info    0x000004fc      0x17b startup.o

.debug_abbrev   0x00000000      0x3fb
 .debug_abbrev  0x00000000       0x42 AlarmActuatorDriver.o
 .debug_abbrev  0x00000042       0xa4 AlarmMonitor.o
 .debug_abbrev  0x000000e6       0xc3 driver.o
 .debug_abbrev  0x000001a9       0x81 main.o
 .debug_abbrev  0x0000022a       0x8a MainAlgorithm.o
 .debug_abbrev  0x000002b4       0x79 Pressure_Sensor_Driver.o
 .debug_abbrev  0x0000032d       0xce startup.o

.debug_loc      0x00000000      0x3a4
 .debug_loc     0x00000000       0x58 AlarmActuatorDriver.o
 .debug_loc     0x00000058       0x9c AlarmMonitor.o
 .debug_loc     0x000000f4      0x140 driver.o
 .debug_loc     0x00000234       0x2c main.o
 .debug_loc     0x00000260       0x70 MainAlgorithm.o
 .debug_loc     0x000002d0       0x58 Pressure_Sensor_Driver.o
 .debug_loc     0x00000328       0x7c startup.o

.debug_aranges  0x00000000       0xe0
 .debug_aranges
                0x00000000       0x20 AlarmActuatorDriver.o
 .debug_aranges
                0x00000020       0x20 AlarmMonitor.o
 .debug_aranges
                0x00000040       0x20 driver.o
 .debug_aranges
                0x00000060       0x20 main.o
 .debug_aranges
                0x00000080       0x20 MainAlgorithm.o
 .debug_aranges
                0x000000a0       0x20 Pressure_Sensor_Driver.o
 .debug_aranges
                0x000000c0       0x20 startup.o

.debug_line     0x00000000      0x556
 .debug_line    0x00000000       0x54 AlarmActuatorDriver.o
 .debug_line    0x00000054       0x9a AlarmMonitor.o
 .debug_line    0x000000ee      0x15d driver.o
 .debug_line    0x0000024b       0x86 main.o
 .debug_line    0x000002d1       0x72 MainAlgorithm.o
 .debug_line    0x00000343       0x7d Pressure_Sensor_Driver.o
 .debug_line    0x000003c0      0x196 startup.o

.debug_str      0x00000000      0x2b1
 .debug_str     0x00000000      0x10e AlarmActuatorDriver.o
                                0x147 (size before relaxing)
 .debug_str     0x0000010e       0x48 AlarmMonitor.o
                                0x164 (size before relaxing)
 .debug_str     0x00000156       0x57 driver.o
                                0x17c (size before relaxing)
 .debug_str     0x000001ad       0x1f main.o
                                0x142 (size before relaxing)
 .debug_str     0x000001cc       0x36 MainAlgorithm.o
                                 0xc9 (size before relaxing)
 .debug_str     0x00000202       0x2f Pressure_Sensor_Driver.o
                                0x157 (size before relaxing)
 .debug_str     0x00000231       0x80 startup.o
                                0x19f (size before relaxing)

.comment        0x00000000       0x4d
 .comment       0x00000000       0x4d AlarmActuatorDriver.o
                                 0x4e (size before relaxing)
 .comment       0x0000004d       0x4e AlarmMonitor.o
 .comment       0x0000004d       0x4e driver.o
 .comment       0x0000004d       0x4e main.o
 .comment       0x0000004d       0x4e MainAlgorithm.o
 .comment       0x0000004d       0x4e Pressure_Sensor_Driver.o
 .comment       0x0000004d       0x4e startup.o

.ARM.attributes
                0x00000000       0x2d
 .ARM.attributes
                0x00000000       0x2d AlarmActuatorDriver.o
 .ARM.attributes
                0x0000002d       0x2d AlarmMonitor.o
 .ARM.attributes
                0x0000005a       0x2d driver.o
 .ARM.attributes
                0x00000087       0x2d main.o
 .ARM.attributes
                0x000000b4       0x2d MainAlgorithm.o
 .ARM.attributes
                0x000000e1       0x2d Pressure_Sensor_Driver.o
 .ARM.attributes
                0x0000010e       0x2d startup.o

.debug_frame    0x00000000      0x260
 .debug_frame   0x00000000       0x48 AlarmActuatorDriver.o
 .debug_frame   0x00000048       0x68 AlarmMonitor.o
 .debug_frame   0x000000b0       0xa0 driver.o
 .debug_frame   0x00000150       0x2c main.o
 .debug_frame   0x0000017c       0x4c MainAlgorithm.o
 .debug_frame   0x000001c8       0x48 Pressure_Sensor_Driver.o
 .debug_frame   0x00000210       0x50 startup.o
