
Memory Configuration

Name             Origin             Length             Attributes
flash            0x08000000         0x00020000         xr
sram             0x20000000         0x00005000         xrw
*default*        0x00000000         0xffffffff

Linker script and memory map


.text           0x08000000      0x133
 *(.vectors*)
 .vectors       0x08000000       0x1c startup.o
                0x08000000                vectors
 *(.text*)
 .text          0x0800001c       0x84 main.o
                0x0800001c                H_fault_Handler
                0x08000028                main
 .text          0x080000a0       0x90 startup.o
                0x080000a0                Reset_Handler
                0x08000124                MM_Fault_Handler
                0x08000124                Bus_Fault
                0x08000124                Usage_Fault_Handler
                0x08000124                Default_handler
                0x08000124                NMI_Handler
 *(.rodata)
 .rodata        0x08000130        0x3 main.o
                0x08000130                const_variables
                0x08000133                _E_text = .

.glue_7         0x08000134        0x0
 .glue_7        0x08000134        0x0 linker stubs

.glue_7t        0x08000134        0x0
 .glue_7t       0x08000134        0x0 linker stubs

.vfp11_veneer   0x08000134        0x0
 .vfp11_veneer  0x08000134        0x0 linker stubs

.v4_bx          0x08000134        0x0
 .v4_bx         0x08000134        0x0 linker stubs

.iplt           0x08000134        0x0
 .iplt          0x08000134        0x0 main.o

.rel.dyn        0x08000134        0x0
 .rel.iplt      0x08000134        0x0 main.o

.data           0x20000000       0x10 load address 0x08000133
                0x20000000                _S_data = .
 *(.data)
 .data          0x20000000        0xf main.o
                0x20000000                APB2ENR
                0x20000004                CRH
                0x20000008                PORTA
                0x2000000c                g_variables
 .data          0x2000000f        0x0 startup.o
                0x20000010                . = ALIGN (0x4)
 *fill*         0x2000000f        0x1 
                0x20000010                _E_data = .

.igot.plt       0x20000010        0x0 load address 0x08000143
 .igot.plt      0x20000010        0x0 main.o

.bss            0x20000010     0x1004 load address 0x08000143
                0x20000010                _S_bss = .
 *(.bss*)
 .bss           0x20000010        0x3 main.o
                0x20000010                bss_var
 .bss           0x20000013        0x0 startup.o
                0x20000014                . = ALIGN (0x4)
 *fill*         0x20000013        0x1 
                0x20000014                _E_bss = .
                0x20001014                . = (. + 0x1000)
 *fill*         0x20000014     0x1000 
                0x20001014                _stack_top = .
LOAD main.o
LOAD startup.o
OUTPUT(learn-in-depth_cortex_m3.elf elf32-littlearm)
LOAD linker stubs

.debug_info     0x00000000      0x55f
 .debug_info    0x00000000      0x3e4 main.o
 .debug_info    0x000003e4      0x17b startup.o

.debug_abbrev   0x00000000      0x1e8
 .debug_abbrev  0x00000000      0x11a main.o
 .debug_abbrev  0x0000011a       0xce startup.o

.debug_loc      0x00000000       0xf8
 .debug_loc     0x00000000       0x7c main.o
 .debug_loc     0x0000007c       0x7c startup.o

.debug_aranges  0x00000000       0x40
 .debug_aranges
                0x00000000       0x20 main.o
 .debug_aranges
                0x00000020       0x20 startup.o

.debug_line     0x00000000      0x304
 .debug_line    0x00000000      0x16e main.o
 .debug_line    0x0000016e      0x196 startup.o

.debug_str      0x00000000      0x277
 .debug_str     0x00000000      0x1f7 main.o
                                0x234 (size before relaxing)
 .debug_str     0x000001f7       0x80 startup.o
                                0x19f (size before relaxing)

.comment        0x00000000       0x4d
 .comment       0x00000000       0x4d main.o
                                 0x4e (size before relaxing)
 .comment       0x0000004d       0x4e startup.o

.ARM.attributes
                0x00000000       0x2d
 .ARM.attributes
                0x00000000       0x2d main.o
 .ARM.attributes
                0x0000002d       0x2d startup.o

.debug_frame    0x00000000       0x9c
 .debug_frame   0x00000000       0x4c main.o
 .debug_frame   0x0000004c       0x50 startup.o
