
Memory Configuration

Name             Origin             Length             Attributes
flash            0x00000000         0x20000000         xr
sram             0x20000000         0x20000000         xrw
*default*        0x00000000         0xffffffff

Linker script and memory map


.text           0x00000000      0x130
 *(.vectors*)
 .vectors       0x00000000       0x10 startup.o
                0x00000000                g_p_fn_vectors
 *(.text*)
 .text          0x00000010       0x90 main.o
                0x00000010                main
 .text          0x000000a0       0x90 startup.o
                0x000000a0                Reset_Handler
                0x00000124                H_fault_Handler
                0x00000124                Default_handler
                0x00000124                NMI_Handler
 *(.rodata)
                0x00000130                _E_text = .

.glue_7         0x00000130        0x0
 .glue_7        0x00000130        0x0 linker stubs

.glue_7t        0x00000130        0x0
 .glue_7t       0x00000130        0x0 linker stubs

.vfp11_veneer   0x00000130        0x0
 .vfp11_veneer  0x00000130        0x0 linker stubs

.v4_bx          0x00000130        0x0
 .v4_bx         0x00000130        0x0 linker stubs

.iplt           0x00000130        0x0
 .iplt          0x00000130        0x0 main.o

.rel.dyn        0x00000130        0x0
 .rel.iplt      0x00000130        0x0 main.o

.data           0x20000000       0x10 load address 0x00000130
                0x20000000                _S_data = .
 *(.data)
 .data          0x20000000       0x10 main.o
                0x20000000                SYSCTL_RCGC2_R
                0x20000004                GPIO_PORTF_DIR_R
                0x20000008                GPIO_PORTF_DEN_R
                0x2000000c                PORTF
 .data          0x20000010        0x0 startup.o
                0x20000010                . = ALIGN (0x4)
                0x20000010                _E_data = .

.igot.plt       0x20000010        0x0 load address 0x00000140
 .igot.plt      0x20000010        0x0 main.o

.bss            0x20000010      0x400 load address 0x00000140
                0x20000010                _S_bss = .
 *(.bss*)
 .bss           0x20000010        0x0 main.o
 .bss           0x20000010      0x400 startup.o
                0x20000410                . = ALIGN (0x4)
                0x20000410                _E_bss = .
LOAD main.o
LOAD startup.o
OUTPUT(unit3_lab4_cortexM4.elf elf32-littlearm)
LOAD linker stubs

.debug_info     0x00000000      0x508
 .debug_info    0x00000000      0x37a main.o
 .debug_info    0x0000037a      0x18e startup.o

.debug_abbrev   0x00000000      0x1a6
 .debug_abbrev  0x00000000       0xd4 main.o
 .debug_abbrev  0x000000d4       0xd2 startup.o

.debug_loc      0x00000000       0xb4
 .debug_loc     0x00000000       0x38 main.o
 .debug_loc     0x00000038       0x7c startup.o

.debug_aranges  0x00000000       0x40
 .debug_aranges
                0x00000000       0x20 main.o
 .debug_aranges
                0x00000020       0x20 startup.o

.debug_line     0x00000000      0x240
 .debug_line    0x00000000      0x189 main.o
 .debug_line    0x00000189       0xb7 startup.o

.debug_str      0x00000000      0x271
 .debug_str     0x00000000      0x1eb main.o
                                0x228 (size before relaxing)
 .debug_str     0x000001eb       0x86 startup.o
                                0x190 (size before relaxing)

.comment        0x00000000       0x4d
 .comment       0x00000000       0x4d main.o
                                 0x4e (size before relaxing)
 .comment       0x0000004d       0x4e startup.o

.ARM.attributes
                0x00000000       0x2e
 .ARM.attributes
                0x00000000       0x2e main.o
 .ARM.attributes
                0x0000002e       0x2e startup.o

.debug_frame    0x00000000       0x7c
 .debug_frame   0x00000000       0x2c main.o
 .debug_frame   0x0000002c       0x50 startup.o
